#
# There is insufficient memory for the Java Runtime Environment to continue.
# Native memory allocation (malloc) failed to allocate 313776 bytes for Chunk::new
# Possible reasons:
#   The system is out of physical RAM or swap space
#   The process is running with CompressedOops enabled, and the Java Heap may be blocking the growth of the native heap
# Possible solutions:
#   Reduce memory load on the system
#   Increase physical memory or swap space
#   Check if swap backing store is full
#   Decrease Java heap size (-Xmx/-Xms)
#   Decrease number of Java threads
#   Decrease Java thread stack sizes (-Xss)
#   Set larger code cache with -XX:ReservedCodeCacheSize=
#   JVM is running with Unscaled Compressed Oops mode in which the Java heap is
#     placed in the first 4GB address space. The Java Heap base address is the
#     maximum limit for the native heap growth. Please use -XX:HeapBaseMinAddress
#     to set the Java Heap base and to place the Java Heap above 4GB virtual address.
# This output file may be truncated or incomplete.
#
#  Out of Memory Error (arena.cpp:197), pid=16352, tid=14304
#
# JRE version: OpenJDK Runtime Environment Temurin-11.0.29+7 (11.0.29+7) (build 11.0.29+7)
# Java VM: OpenJDK 64-Bit Server VM Temurin-11.0.29+7 (11.0.29+7, mixed mode, tiered, compressed oops, g1 gc, windows-amd64)
# No core dump will be written. Minidumps are not enabled by default on client versions of Windows
#

---------------  S U M M A R Y ------------

Command Line: --add-opens=java.base/java.util=ALL-UNNAMED --add-opens=java.base/java.lang=ALL-UNNAMED --add-opens=java.base/java.lang.invoke=ALL-UNNAMED --add-opens=java.prefs/java.util.prefs=ALL-UNNAMED --add-opens=java.base/java.nio.charset=ALL-UNNAMED --add-opens=java.base/java.net=ALL-UNNAMED --add-opens=java.base/java.util.concurrent.atomic=ALL-UNNAMED -Xmx1536m -Dfile.encoding=utf8 -Duser.country=US -Duser.language=en -Duser.variant -javaagent:C:\Users\MSI\.gradle\wrapper\dists\gradle-8.2.1-all\d8pvvlun5bx6sdtwqhf8y9z4b\gradle-8.2.1\lib\agents\gradle-instrumentation-agent-8.2.1.jar org.gradle.launcher.daemon.bootstrap.GradleDaemon 8.2.1

Host: AMD Ryzen 5 5500U with Radeon Graphics         , 12 cores, 15G,  Windows 11 , 64 bit Build 26100 (10.0.26100.8521)
Time: Tue Jun 30 05:18:09 2026 Egypt Daylight Time elapsed time: 6.527657 seconds (0d 0h 0m 6s)

---------------  T H R E A D  ---------------

Current thread (0x00000192fc74d800):  JavaThread "C2 CompilerThread0" daemon [_thread_in_native, id=14304, stack(0x0000005103400000,0x0000005103500000)]


Current CompileTask:
C2:   6527 2996       4       java.lang.invoke.MethodType::makeImpl (108 bytes)

Stack: [0x0000005103400000,0x0000005103500000]
Native frames: (J=compiled Java code, j=interpreted, Vv=VM code, C=native code)
V  [jvm.dll+0x6449fa]
V  [jvm.dll+0x7d7449]
V  [jvm.dll+0x7d8b29]
V  [jvm.dll+0x7d9223]
V  [jvm.dll+0x269105]
V  [jvm.dll+0xc275c]
V  [jvm.dll+0xc2d6c]
V  [jvm.dll+0x5342f1]
V  [jvm.dll+0x3431b4]
V  [jvm.dll+0x34254a]
V  [jvm.dll+0x2212ad]
V  [jvm.dll+0x2202d3]
V  [jvm.dll+0x19e021]
V  [jvm.dll+0x2302b4]
V  [jvm.dll+0x22e6ac]
V  [jvm.dll+0x798531]
V  [jvm.dll+0x791094]
V  [jvm.dll+0x6437c5]
C  [ucrtbase.dll+0x2cd30]
C  [KERNEL32.DLL+0x2e957]
C  [ntdll.dll+0x87c1c]


---------------  P R O C E S S  ---------------

Threads class SMR info:
_java_thread_list=0x0000019281cc0270, length=35, elements={
0x00000192dbee0800, 0x00000192fc6f8800, 0x00000192fc6f9800, 0x00000192fc745000,
0x00000192fc747000, 0x00000192fc748000, 0x00000192fc74d800, 0x00000192fc74e800,
0x00000192fc754000, 0x00000192fc8e0800, 0x00000192fee27800, 0x00000192fe8e4000,
0x00000192fe9e6800, 0x00000192fd884800, 0x00000192feafc000, 0x00000192fe994800,
0x00000192fd96d000, 0x00000192fe6dd800, 0x00000192fd687800, 0x00000192fe9c1800,
0x00000192fe9c3000, 0x00000192fe9c0800, 0x00000192fe9c2000, 0x00000192fe9c6000,
0x00000192fe9c3800, 0x00000192fe9c7000, 0x00000192fe9c4800, 0x00000192fe9c5800,
0x00000192ff239800, 0x00000192ff238000, 0x00000192ff23a800, 0x00000192ff23b800,
0x00000192ff239000, 0x00000192ff23e800, 0x0000019280607000
}

Java Threads: ( => current thread )
  0x00000192dbee0800 JavaThread "main" [_thread_blocked, id=23420, stack(0x0000005102800000,0x0000005102900000)]
  0x00000192fc6f8800 JavaThread "Reference Handler" daemon [_thread_blocked, id=25332, stack(0x0000005102f00000,0x0000005103000000)]
  0x00000192fc6f9800 JavaThread "Finalizer" daemon [_thread_blocked, id=7084, stack(0x0000005103000000,0x0000005103100000)]
  0x00000192fc745000 JavaThread "Signal Dispatcher" daemon [_thread_blocked, id=19060, stack(0x0000005103100000,0x0000005103200000)]
  0x00000192fc747000 JavaThread "Attach Listener" daemon [_thread_blocked, id=21956, stack(0x0000005103200000,0x0000005103300000)]
  0x00000192fc748000 JavaThread "Service Thread" daemon [_thread_blocked, id=9020, stack(0x0000005103300000,0x0000005103400000)]
=>0x00000192fc74d800 JavaThread "C2 CompilerThread0" daemon [_thread_in_native, id=14304, stack(0x0000005103400000,0x0000005103500000)]
  0x00000192fc74e800 JavaThread "C1 CompilerThread0" daemon [_thread_blocked, id=11948, stack(0x0000005103500000,0x0000005103600000)]
  0x00000192fc754000 JavaThread "Sweeper thread" daemon [_thread_blocked, id=14272, stack(0x0000005103600000,0x0000005103700000)]
  0x00000192fc8e0800 JavaThread "Common-Cleaner" daemon [_thread_blocked, id=26976, stack(0x0000005103700000,0x0000005103800000)]
  0x00000192fee27800 JavaThread "Daemon health stats" [_thread_blocked, id=24392, stack(0x0000005103f00000,0x0000005104000000)]
  0x00000192fe8e4000 JavaThread "Incoming local TCP Connector on port 65015" [_thread_in_native, id=27596, stack(0x0000005103800000,0x0000005103900000)]
  0x00000192fe9e6800 JavaThread "Daemon periodic checks" [_thread_blocked, id=14496, stack(0x0000005103e00000,0x0000005103f00000)]
  0x00000192fd884800 JavaThread "Daemon" [_thread_blocked, id=26204, stack(0x0000005104000000,0x0000005104100000)]
  0x00000192feafc000 JavaThread "Handler for socket connection from /127.0.0.1:65015 to /127.0.0.1:65016" [_thread_in_native, id=25564, stack(0x0000005104100000,0x0000005104200000)]
  0x00000192fe994800 JavaThread "Cancel handler" [_thread_blocked, id=12732, stack(0x0000005104200000,0x0000005104300000)]
  0x00000192fd96d000 JavaThread "Daemon worker" [_thread_in_native, id=1584, stack(0x0000005104300000,0x0000005104400000)]
  0x00000192fe6dd800 JavaThread "Asynchronous log dispatcher for DefaultDaemonConnection: socket connection from /127.0.0.1:65015 to /127.0.0.1:65016" [_thread_blocked, id=24548, stack(0x0000005104400000,0x0000005104500000)]
  0x00000192fd687800 JavaThread "Stdin handler" [_thread_blocked, id=4292, stack(0x0000005104500000,0x0000005104600000)]
  0x00000192fe9c1800 JavaThread "Daemon client event forwarder" [_thread_blocked, id=11512, stack(0x0000005104600000,0x0000005104700000)]
  0x00000192fe9c3000 JavaThread "Cache worker for journal cache (C:\Users\MSI\.gradle\caches\journal-1)" [_thread_blocked, id=12872, stack(0x0000005104e00000,0x0000005104f00000)]
  0x00000192fe9c0800 JavaThread "File lock request listener" [_thread_in_native, id=16656, stack(0x0000005104f00000,0x0000005105000000)]
  0x00000192fe9c2000 JavaThread "Cache worker for file hash cache (C:\Users\MSI\.gradle\caches\8.2.1\fileHashes)" [_thread_blocked, id=6732, stack(0x0000005105000000,0x0000005105100000)]
  0x00000192fe9c6000 JavaThread "File watcher server" daemon [_thread_in_native, id=22668, stack(0x0000005105200000,0x0000005105300000)]
  0x00000192fe9c3800 JavaThread "File watcher consumer" daemon [_thread_blocked, id=25316, stack(0x0000005105300000,0x0000005105400000)]
  0x00000192fe9c7000 JavaThread "jar transforms" [_thread_blocked, id=13436, stack(0x0000005105400000,0x0000005105500000)]
  0x00000192fe9c4800 JavaThread "jar transforms Thread 2" [_thread_blocked, id=24936, stack(0x0000005105500000,0x0000005105600000)]
  0x00000192fe9c5800 JavaThread "jar transforms Thread 3" [_thread_blocked, id=26932, stack(0x0000005105600000,0x0000005105700000)]
  0x00000192ff239800 JavaThread "Cache worker for checksums cache (C:\Bola\SKETO\sketo\android\.gradle\8.2.1\checksums)" [_thread_blocked, id=10204, stack(0x0000005105700000,0x0000005105800000)]
  0x00000192ff238000 JavaThread "Cache worker for cache directory md-rule (C:\Users\MSI\.gradle\caches\8.2.1\md-rule)" [_thread_blocked, id=10360, stack(0x0000005105800000,0x0000005105900000)]
  0x00000192ff23a800 JavaThread "Cache worker for file content cache (C:\Users\MSI\.gradle\caches\8.2.1\fileContent)" [_thread_blocked, id=24632, stack(0x0000005105100000,0x0000005105200000)]
  0x00000192ff23b800 JavaThread "Cache worker for file hash cache (C:\Bola\SKETO\sketo\android\.gradle\8.2.1\fileHashes)" [_thread_blocked, id=9256, stack(0x0000005105900000,0x0000005105a00000)]
  0x00000192ff239000 JavaThread "Cache worker for cache directory md-supplier (C:\Users\MSI\.gradle\caches\8.2.1\md-supplier)" [_thread_blocked, id=17084, stack(0x0000005105a00000,0x0000005105b00000)]
  0x00000192ff23e800 JavaThread "Cache worker for execution history cache (C:\Users\MSI\.gradle\caches\8.2.1\executionHistory)" [_thread_blocked, id=13196, stack(0x0000005105b00000,0x0000005105c00000)]
  0x0000019280607000 JavaThread "C2 CompilerThread1" daemon [_thread_in_native, id=12844, stack(0x0000005105c00000,0x0000005105d00000)]

Other Threads:
  0x00000192fc6bf800 VMThread "VM Thread" [stack: 0x0000005102e00000,0x0000005102f00000] [id=11192]
  0x00000192fca37800 WatcherThread [stack: 0x0000005103900000,0x0000005103a00000] [id=26148]
  0x00000192dbefa800 GCTaskThread "GC Thread#0" [stack: 0x0000005102900000,0x0000005102a00000] [id=18120]
  0x00000192fcd5c000 GCTaskThread "GC Thread#1" [stack: 0x0000005103a00000,0x0000005103b00000] [id=24192]
  0x00000192fcfc1800 GCTaskThread "GC Thread#2" [stack: 0x0000005103b00000,0x0000005103c00000] [id=12568]
  0x00000192fd9c1800 GCTaskThread "GC Thread#3" [stack: 0x0000005103c00000,0x0000005103d00000] [id=19476]
  0x00000192fd245800 GCTaskThread "GC Thread#4" [stack: 0x0000005103d00000,0x0000005103e00000] [id=26924]
  0x00000192fe6de000 GCTaskThread "GC Thread#5" [stack: 0x0000005104700000,0x0000005104800000] [id=15052]
  0x00000192fe745000 GCTaskThread "GC Thread#6" [stack: 0x0000005104800000,0x0000005104900000] [id=16980]
  0x00000192ff1b3800 GCTaskThread "GC Thread#7" [stack: 0x0000005104900000,0x0000005104a00000] [id=24720]
  0x00000192feae6000 GCTaskThread "GC Thread#8" [stack: 0x0000005104a00000,0x0000005104b00000] [id=19656]
  0x0000019280054800 GCTaskThread "GC Thread#9" [stack: 0x0000005104b00000,0x0000005104c00000] [id=26448]
  0x00000192dbf23000 ConcurrentGCThread "G1 Main Marker" [stack: 0x0000005102a00000,0x0000005102b00000] [id=13348]
  0x00000192dbf25000 ConcurrentGCThread "G1 Conc#0" [stack: 0x0000005102b00000,0x0000005102c00000] [id=27136]
  0x00000192fd63b800 ConcurrentGCThread "G1 Conc#1" [stack: 0x0000005104c00000,0x0000005104d00000] [id=11028]
  0x00000192fd63c800 ConcurrentGCThread "G1 Conc#2" [stack: 0x0000005104d00000,0x0000005104e00000] [id=2468]
  0x00000192fbd20000 ConcurrentGCThread "G1 Refine#0" [stack: 0x0000005102c00000,0x0000005102d00000] [id=21316]
  0x00000192fbd29800 ConcurrentGCThread "G1 Young RemSet Sampling" [stack: 0x0000005102d00000,0x0000005102e00000] [id=22656]

Threads with active compile tasks:
C2 CompilerThread0     6555 2996       4       java.lang.invoke.MethodType::makeImpl (108 bytes)
C2 CompilerThread1     6555 3028   !   4       jdk.internal.ref.PhantomCleanable::remove (60 bytes)

VM state:not at safepoint (normal execution)

VM Mutex/Monitor currently owned by a thread: None

Heap address: 0x00000000a0000000, size: 1536 MB, Compressed Oops mode: 32-bit
Narrow klass base: 0x0000000000000000, Narrow klass shift: 3
Compressed class space size: 1073741824 Address: 0x0000000100000000

Heap:
 garbage-first heap   total 251904K, used 28548K [0x00000000a0000000, 0x0000000100000000)
  region size 1024K, 12 young (12288K), 8 survivors (8192K)
 Metaspace       used 34800K, capacity 35708K, committed 35884K, reserved 1081344K
  class space    used 4557K, capacity 4908K, committed 4992K, reserved 1048576K
Heap Regions: E=young(eden), S=young(survivor), O=old, HS=humongous(starts), HC=humongous(continues), CS=collection set, F=free, A=archive, TAMS=top-at-mark-start (previous, next)
|   0|0x00000000a0000000, 0x00000000a0100000, 0x00000000a0100000|100%|HS|  |TAMS 0x00000000a0100000, 0x00000000a0000000| Complete 
|   1|0x00000000a0100000, 0x00000000a0200000, 0x00000000a0200000|100%|HC|  |TAMS 0x00000000a0200000, 0x00000000a0100000| Complete 
|   2|0x00000000a0200000, 0x00000000a0300000, 0x00000000a0300000|100%|HC|  |TAMS 0x00000000a0300000, 0x00000000a0200000| Complete 
|   3|0x00000000a0300000, 0x00000000a0400000, 0x00000000a0400000|100%|HC|  |TAMS 0x00000000a0400000, 0x00000000a0300000| Complete 
|   4|0x00000000a0400000, 0x00000000a0500000, 0x00000000a0500000|100%| O|  |TAMS 0x00000000a0500000, 0x00000000a0400000| Untracked 
|   5|0x00000000a0500000, 0x00000000a0600000, 0x00000000a0600000|100%| O|  |TAMS 0x00000000a0600000, 0x00000000a0500000| Untracked 
|   6|0x00000000a0600000, 0x00000000a0700000, 0x00000000a0700000|100%| O|  |TAMS 0x00000000a0700000, 0x00000000a0600000| Untracked 
|   7|0x00000000a0700000, 0x00000000a0800000, 0x00000000a0800000|100%| O|  |TAMS 0x00000000a0800000, 0x00000000a0700000| Untracked 
|   8|0x00000000a0800000, 0x00000000a0900000, 0x00000000a0900000|100%| O|  |TAMS 0x00000000a0900000, 0x00000000a0800000| Untracked 
|   9|0x00000000a0900000, 0x00000000a0a00000, 0x00000000a0a00000|100%| O|  |TAMS 0x00000000a0a00000, 0x00000000a0900000| Untracked 
|  10|0x00000000a0a00000, 0x00000000a0b00000, 0x00000000a0b00000|100%| O|  |TAMS 0x00000000a0b00000, 0x00000000a0a00000| Untracked 
|  11|0x00000000a0b00000, 0x00000000a0c00000, 0x00000000a0c00000|100%| O|  |TAMS 0x00000000a0c00000, 0x00000000a0b00000| Untracked 
|  12|0x00000000a0c00000, 0x00000000a0d00000, 0x00000000a0d00000|100%| O|  |TAMS 0x00000000a0d00000, 0x00000000a0c00000| Untracked 
|  13|0x00000000a0d00000, 0x00000000a0e00000, 0x00000000a0e00000|100%| O|  |TAMS 0x00000000a0e00000, 0x00000000a0d00000| Untracked 
|  14|0x00000000a0e00000, 0x00000000a0f00000, 0x00000000a0f00000|100%| O|  |TAMS 0x00000000a0f00000, 0x00000000a0e00000| Untracked 
|  15|0x00000000a0f00000, 0x00000000a1000000, 0x00000000a1000000|100%| O|  |TAMS 0x00000000a1000000, 0x00000000a0f00000| Untracked 
|  16|0x00000000a1000000, 0x00000000a1100000, 0x00000000a1100000|100%| O|  |TAMS 0x00000000a1100000, 0x00000000a1000000| Untracked 
|  17|0x00000000a1100000, 0x00000000a11d0e00, 0x00000000a1200000| 81%| O|  |TAMS 0x00000000a11d0e00, 0x00000000a1100000| Untracked 
|  18|0x00000000a1200000, 0x00000000a1200000, 0x00000000a1300000|  0%| F|  |TAMS 0x00000000a1200000, 0x00000000a1200000| Untracked 
|  19|0x00000000a1300000, 0x00000000a1300000, 0x00000000a1400000|  0%| F|  |TAMS 0x00000000a1300000, 0x00000000a1300000| Untracked 
|  20|0x00000000a1400000, 0x00000000a1400000, 0x00000000a1500000|  0%| F|  |TAMS 0x00000000a1400000, 0x00000000a1400000| Untracked 
|  21|0x00000000a1500000, 0x00000000a1500000, 0x00000000a1600000|  0%| F|  |TAMS 0x00000000a1500000, 0x00000000a1500000| Untracked 
|  22|0x00000000a1600000, 0x00000000a1600000, 0x00000000a1700000|  0%| F|  |TAMS 0x00000000a1600000, 0x00000000a1600000| Untracked 
|  23|0x00000000a1700000, 0x00000000a1700000, 0x00000000a1800000|  0%| F|  |TAMS 0x00000000a1700000, 0x00000000a1700000| Untracked 
|  24|0x00000000a1800000, 0x00000000a1800000, 0x00000000a1900000|  0%| F|  |TAMS 0x00000000a1800000, 0x00000000a1800000| Untracked 
|  25|0x00000000a1900000, 0x00000000a1900000, 0x00000000a1a00000|  0%| F|  |TAMS 0x00000000a1900000, 0x00000000a1900000| Untracked 
|  26|0x00000000a1a00000, 0x00000000a1a00000, 0x00000000a1b00000|  0%| F|  |TAMS 0x00000000a1a00000, 0x00000000a1a00000| Untracked 
|  27|0x00000000a1b00000, 0x00000000a1b00000, 0x00000000a1c00000|  0%| F|  |TAMS 0x00000000a1b00000, 0x00000000a1b00000| Untracked 
|  28|0x00000000a1c00000, 0x00000000a1c00000, 0x00000000a1d00000|  0%| F|  |TAMS 0x00000000a1c00000, 0x00000000a1c00000| Untracked 
|  29|0x00000000a1d00000, 0x00000000a1d00000, 0x00000000a1e00000|  0%| F|  |TAMS 0x00000000a1d00000, 0x00000000a1d00000| Untracked 
|  30|0x00000000a1e00000, 0x00000000a1e00000, 0x00000000a1f00000|  0%| F|  |TAMS 0x00000000a1e00000, 0x00000000a1e00000| Untracked 
|  31|0x00000000a1f00000, 0x00000000a1f00000, 0x00000000a2000000|  0%| F|  |TAMS 0x00000000a1f00000, 0x00000000a1f00000| Untracked 
|  32|0x00000000a2000000, 0x00000000a2000000, 0x00000000a2100000|  0%| F|  |TAMS 0x00000000a2000000, 0x00000000a2000000| Untracked 
|  33|0x00000000a2100000, 0x00000000a2100000, 0x00000000a2200000|  0%| F|  |TAMS 0x00000000a2100000, 0x00000000a2100000| Untracked 
|  34|0x00000000a2200000, 0x00000000a2200000, 0x00000000a2300000|  0%| F|  |TAMS 0x00000000a2200000, 0x00000000a2200000| Untracked 
|  35|0x00000000a2300000, 0x00000000a2300000, 0x00000000a2400000|  0%| F|  |TAMS 0x00000000a2300000, 0x00000000a2300000| Untracked 
|  36|0x00000000a2400000, 0x00000000a2400000, 0x00000000a2500000|  0%| F|  |TAMS 0x00000000a2400000, 0x00000000a2400000| Untracked 
|  37|0x00000000a2500000, 0x00000000a2500000, 0x00000000a2600000|  0%| F|  |TAMS 0x00000000a2500000, 0x00000000a2500000| Untracked 
|  38|0x00000000a2600000, 0x00000000a2600000, 0x00000000a2700000|  0%| F|  |TAMS 0x00000000a2600000, 0x00000000a2600000| Untracked 
|  39|0x00000000a2700000, 0x00000000a2700000, 0x00000000a2800000|  0%| F|  |TAMS 0x00000000a2700000, 0x00000000a2700000| Untracked 
|  40|0x00000000a2800000, 0x00000000a2800000, 0x00000000a2900000|  0%| F|  |TAMS 0x00000000a2800000, 0x00000000a2800000| Untracked 
|  41|0x00000000a2900000, 0x00000000a2900000, 0x00000000a2a00000|  0%| F|  |TAMS 0x00000000a2900000, 0x00000000a2900000| Untracked 
|  42|0x00000000a2a00000, 0x00000000a2a00000, 0x00000000a2b00000|  0%| F|  |TAMS 0x00000000a2a00000, 0x00000000a2a00000| Untracked 
|  43|0x00000000a2b00000, 0x00000000a2b00000, 0x00000000a2c00000|  0%| F|  |TAMS 0x00000000a2b00000, 0x00000000a2b00000| Untracked 
|  44|0x00000000a2c00000, 0x00000000a2c00000, 0x00000000a2d00000|  0%| F|  |TAMS 0x00000000a2c00000, 0x00000000a2c00000| Untracked 
|  45|0x00000000a2d00000, 0x00000000a2d00000, 0x00000000a2e00000|  0%| F|  |TAMS 0x00000000a2d00000, 0x00000000a2d00000| Untracked 
|  46|0x00000000a2e00000, 0x00000000a2e00000, 0x00000000a2f00000|  0%| F|  |TAMS 0x00000000a2e00000, 0x00000000a2e00000| Untracked 
|  47|0x00000000a2f00000, 0x00000000a2f00000, 0x00000000a3000000|  0%| F|  |TAMS 0x00000000a2f00000, 0x00000000a2f00000| Untracked 
|  48|0x00000000a3000000, 0x00000000a3000000, 0x00000000a3100000|  0%| F|  |TAMS 0x00000000a3000000, 0x00000000a3000000| Untracked 
|  49|0x00000000a3100000, 0x00000000a3100000, 0x00000000a3200000|  0%| F|  |TAMS 0x00000000a3100000, 0x00000000a3100000| Untracked 
|  50|0x00000000a3200000, 0x00000000a3200000, 0x00000000a3300000|  0%| F|  |TAMS 0x00000000a3200000, 0x00000000a3200000| Untracked 
|  51|0x00000000a3300000, 0x00000000a3300000, 0x00000000a3400000|  0%| F|  |TAMS 0x00000000a3300000, 0x00000000a3300000| Untracked 
|  52|0x00000000a3400000, 0x00000000a3400000, 0x00000000a3500000|  0%| F|  |TAMS 0x00000000a3400000, 0x00000000a3400000| Untracked 
|  53|0x00000000a3500000, 0x00000000a3500000, 0x00000000a3600000|  0%| F|  |TAMS 0x00000000a3500000, 0x00000000a3500000| Untracked 
|  54|0x00000000a3600000, 0x00000000a3600000, 0x00000000a3700000|  0%| F|  |TAMS 0x00000000a3600000, 0x00000000a3600000| Untracked 
|  55|0x00000000a3700000, 0x00000000a3700000, 0x00000000a3800000|  0%| F|  |TAMS 0x00000000a3700000, 0x00000000a3700000| Untracked 
|  56|0x00000000a3800000, 0x00000000a3800000, 0x00000000a3900000|  0%| F|  |TAMS 0x00000000a3800000, 0x00000000a3800000| Untracked 
|  57|0x00000000a3900000, 0x00000000a3900000, 0x00000000a3a00000|  0%| F|  |TAMS 0x00000000a3900000, 0x00000000a3900000| Untracked 
|  58|0x00000000a3a00000, 0x00000000a3a00000, 0x00000000a3b00000|  0%| F|  |TAMS 0x00000000a3a00000, 0x00000000a3a00000| Untracked 
|  59|0x00000000a3b00000, 0x00000000a3b00000, 0x00000000a3c00000|  0%| F|  |TAMS 0x00000000a3b00000, 0x00000000a3b00000| Untracked 
|  60|0x00000000a3c00000, 0x00000000a3c00000, 0x00000000a3d00000|  0%| F|  |TAMS 0x00000000a3c00000, 0x00000000a3c00000| Untracked 
|  61|0x00000000a3d00000, 0x00000000a3d00000, 0x00000000a3e00000|  0%| F|  |TAMS 0x00000000a3d00000, 0x00000000a3d00000| Untracked 
|  62|0x00000000a3e00000, 0x00000000a3e00000, 0x00000000a3f00000|  0%| F|  |TAMS 0x00000000a3e00000, 0x00000000a3e00000| Untracked 
|  63|0x00000000a3f00000, 0x00000000a3f00000, 0x00000000a4000000|  0%| F|  |TAMS 0x00000000a3f00000, 0x00000000a3f00000| Untracked 
|  64|0x00000000a4000000, 0x00000000a4000000, 0x00000000a4100000|  0%| F|  |TAMS 0x00000000a4000000, 0x00000000a4000000| Untracked 
|  65|0x00000000a4100000, 0x00000000a4100000, 0x00000000a4200000|  0%| F|  |TAMS 0x00000000a4100000, 0x00000000a4100000| Untracked 
|  66|0x00000000a4200000, 0x00000000a4200000, 0x00000000a4300000|  0%| F|  |TAMS 0x00000000a4200000, 0x00000000a4200000| Untracked 
|  67|0x00000000a4300000, 0x00000000a4300000, 0x00000000a4400000|  0%| F|  |TAMS 0x00000000a4300000, 0x00000000a4300000| Untracked 
|  68|0x00000000a4400000, 0x00000000a4400000, 0x00000000a4500000|  0%| F|  |TAMS 0x00000000a4400000, 0x00000000a4400000| Untracked 
|  69|0x00000000a4500000, 0x00000000a4500000, 0x00000000a4600000|  0%| F|  |TAMS 0x00000000a4500000, 0x00000000a4500000| Untracked 
|  70|0x00000000a4600000, 0x00000000a4600000, 0x00000000a4700000|  0%| F|  |TAMS 0x00000000a4600000, 0x00000000a4600000| Untracked 
|  71|0x00000000a4700000, 0x00000000a4700000, 0x00000000a4800000|  0%| F|  |TAMS 0x00000000a4700000, 0x00000000a4700000| Untracked 
|  72|0x00000000a4800000, 0x00000000a4800000, 0x00000000a4900000|  0%| F|  |TAMS 0x00000000a4800000, 0x00000000a4800000| Untracked 
|  73|0x00000000a4900000, 0x00000000a4900000, 0x00000000a4a00000|  0%| F|  |TAMS 0x00000000a4900000, 0x00000000a4900000| Untracked 
|  74|0x00000000a4a00000, 0x00000000a4a00000, 0x00000000a4b00000|  0%| F|  |TAMS 0x00000000a4a00000, 0x00000000a4a00000| Untracked 
|  75|0x00000000a4b00000, 0x00000000a4b00000, 0x00000000a4c00000|  0%| F|  |TAMS 0x00000000a4b00000, 0x00000000a4b00000| Untracked 
|  76|0x00000000a4c00000, 0x00000000a4c00000, 0x00000000a4d00000|  0%| F|  |TAMS 0x00000000a4c00000, 0x00000000a4c00000| Untracked 
|  77|0x00000000a4d00000, 0x00000000a4d00000, 0x00000000a4e00000|  0%| F|  |TAMS 0x00000000a4d00000, 0x00000000a4d00000| Untracked 
|  78|0x00000000a4e00000, 0x00000000a4e00000, 0x00000000a4f00000|  0%| F|  |TAMS 0x00000000a4e00000, 0x00000000a4e00000| Untracked 
|  79|0x00000000a4f00000, 0x00000000a4f00000, 0x00000000a5000000|  0%| F|  |TAMS 0x00000000a4f00000, 0x00000000a4f00000| Untracked 
|  80|0x00000000a5000000, 0x00000000a5000000, 0x00000000a5100000|  0%| F|  |TAMS 0x00000000a5000000, 0x00000000a5000000| Untracked 
|  81|0x00000000a5100000, 0x00000000a5100000, 0x00000000a5200000|  0%| F|  |TAMS 0x00000000a5100000, 0x00000000a5100000| Untracked 
|  82|0x00000000a5200000, 0x00000000a5200000, 0x00000000a5300000|  0%| F|  |TAMS 0x00000000a5200000, 0x00000000a5200000| Untracked 
|  83|0x00000000a5300000, 0x00000000a5300000, 0x00000000a5400000|  0%| F|  |TAMS 0x00000000a5300000, 0x00000000a5300000| Untracked 
|  84|0x00000000a5400000, 0x00000000a5400000, 0x00000000a5500000|  0%| F|  |TAMS 0x00000000a5400000, 0x00000000a5400000| Untracked 
|  85|0x00000000a5500000, 0x00000000a5500000, 0x00000000a5600000|  0%| F|  |TAMS 0x00000000a5500000, 0x00000000a5500000| Untracked 
|  86|0x00000000a5600000, 0x00000000a5600000, 0x00000000a5700000|  0%| F|  |TAMS 0x00000000a5600000, 0x00000000a5600000| Untracked 
|  87|0x00000000a5700000, 0x00000000a5700000, 0x00000000a5800000|  0%| F|  |TAMS 0x00000000a5700000, 0x00000000a5700000| Untracked 
|  88|0x00000000a5800000, 0x00000000a5800000, 0x00000000a5900000|  0%| F|  |TAMS 0x00000000a5800000, 0x00000000a5800000| Untracked 
|  89|0x00000000a5900000, 0x00000000a5900000, 0x00000000a5a00000|  0%| F|  |TAMS 0x00000000a5900000, 0x00000000a5900000| Untracked 
|  90|0x00000000a5a00000, 0x00000000a5a00000, 0x00000000a5b00000|  0%| F|  |TAMS 0x00000000a5a00000, 0x00000000a5a00000| Untracked 
|  91|0x00000000a5b00000, 0x00000000a5b00000, 0x00000000a5c00000|  0%| F|  |TAMS 0x00000000a5b00000, 0x00000000a5b00000| Untracked 
|  92|0x00000000a5c00000, 0x00000000a5c00000, 0x00000000a5d00000|  0%| F|  |TAMS 0x00000000a5c00000, 0x00000000a5c00000| Untracked 
|  93|0x00000000a5d00000, 0x00000000a5d00000, 0x00000000a5e00000|  0%| F|  |TAMS 0x00000000a5d00000, 0x00000000a5d00000| Untracked 
|  94|0x00000000a5e00000, 0x00000000a5e00000, 0x00000000a5f00000|  0%| F|  |TAMS 0x00000000a5e00000, 0x00000000a5e00000| Untracked 
|  95|0x00000000a5f00000, 0x00000000a5f00000, 0x00000000a6000000|  0%| F|  |TAMS 0x00000000a5f00000, 0x00000000a5f00000| Untracked 
|  96|0x00000000a6000000, 0x00000000a6000000, 0x00000000a6100000|  0%| F|  |TAMS 0x00000000a6000000, 0x00000000a6000000| Untracked 
|  97|0x00000000a6100000, 0x00000000a6100000, 0x00000000a6200000|  0%| F|  |TAMS 0x00000000a6100000, 0x00000000a6100000| Untracked 
|  98|0x00000000a6200000, 0x00000000a6200000, 0x00000000a6300000|  0%| F|  |TAMS 0x00000000a6200000, 0x00000000a6200000| Untracked 
|  99|0x00000000a6300000, 0x00000000a6300000, 0x00000000a6400000|  0%| F|  |TAMS 0x00000000a6300000, 0x00000000a6300000| Untracked 
| 100|0x00000000a6400000, 0x00000000a6400000, 0x00000000a6500000|  0%| F|  |TAMS 0x00000000a6400000, 0x00000000a6400000| Untracked 
| 101|0x00000000a6500000, 0x00000000a6500000, 0x00000000a6600000|  0%| F|  |TAMS 0x00000000a6500000, 0x00000000a6500000| Untracked 
| 102|0x00000000a6600000, 0x00000000a6600000, 0x00000000a6700000|  0%| F|  |TAMS 0x00000000a6600000, 0x00000000a6600000| Untracked 
| 103|0x00000000a6700000, 0x00000000a6700000, 0x00000000a6800000|  0%| F|  |TAMS 0x00000000a6700000, 0x00000000a6700000| Untracked 
| 104|0x00000000a6800000, 0x00000000a6800000, 0x00000000a6900000|  0%| F|  |TAMS 0x00000000a6800000, 0x00000000a6800000| Untracked 
| 105|0x00000000a6900000, 0x00000000a6900000, 0x00000000a6a00000|  0%| F|  |TAMS 0x00000000a6900000, 0x00000000a6900000| Untracked 
| 106|0x00000000a6a00000, 0x00000000a6a00000, 0x00000000a6b00000|  0%| F|  |TAMS 0x00000000a6a00000, 0x00000000a6a00000| Untracked 
| 107|0x00000000a6b00000, 0x00000000a6b00000, 0x00000000a6c00000|  0%| F|  |TAMS 0x00000000a6b00000, 0x00000000a6b00000| Untracked 
| 108|0x00000000a6c00000, 0x00000000a6c00000, 0x00000000a6d00000|  0%| F|  |TAMS 0x00000000a6c00000, 0x00000000a6c00000| Untracked 
| 109|0x00000000a6d00000, 0x00000000a6d00000, 0x00000000a6e00000|  0%| F|  |TAMS 0x00000000a6d00000, 0x00000000a6d00000| Untracked 
| 110|0x00000000a6e00000, 0x00000000a6e00000, 0x00000000a6f00000|  0%| F|  |TAMS 0x00000000a6e00000, 0x00000000a6e00000| Untracked 
| 111|0x00000000a6f00000, 0x00000000a6f00000, 0x00000000a7000000|  0%| F|  |TAMS 0x00000000a6f00000, 0x00000000a6f00000| Untracked 
| 112|0x00000000a7000000, 0x00000000a7000000, 0x00000000a7100000|  0%| F|  |TAMS 0x00000000a7000000, 0x00000000a7000000| Untracked 
| 113|0x00000000a7100000, 0x00000000a7100000, 0x00000000a7200000|  0%| F|  |TAMS 0x00000000a7100000, 0x00000000a7100000| Untracked 
| 114|0x00000000a7200000, 0x00000000a7200000, 0x00000000a7300000|  0%| F|  |TAMS 0x00000000a7200000, 0x00000000a7200000| Untracked 
| 115|0x00000000a7300000, 0x00000000a7300000, 0x00000000a7400000|  0%| F|  |TAMS 0x00000000a7300000, 0x00000000a7300000| Untracked 
| 116|0x00000000a7400000, 0x00000000a7400000, 0x00000000a7500000|  0%| F|  |TAMS 0x00000000a7400000, 0x00000000a7400000| Untracked 
| 117|0x00000000a7500000, 0x00000000a7500000, 0x00000000a7600000|  0%| F|  |TAMS 0x00000000a7500000, 0x00000000a7500000| Untracked 
| 118|0x00000000a7600000, 0x00000000a7600000, 0x00000000a7700000|  0%| F|  |TAMS 0x00000000a7600000, 0x00000000a7600000| Untracked 
| 119|0x00000000a7700000, 0x00000000a7700000, 0x00000000a7800000|  0%| F|  |TAMS 0x00000000a7700000, 0x00000000a7700000| Untracked 
| 120|0x00000000a7800000, 0x00000000a7800000, 0x00000000a7900000|  0%| F|  |TAMS 0x00000000a7800000, 0x00000000a7800000| Untracked 
| 121|0x00000000a7900000, 0x00000000a7900000, 0x00000000a7a00000|  0%| F|  |TAMS 0x00000000a7900000, 0x00000000a7900000| Untracked 
| 122|0x00000000a7a00000, 0x00000000a7a00000, 0x00000000a7b00000|  0%| F|  |TAMS 0x00000000a7a00000, 0x00000000a7a00000| Untracked 
| 123|0x00000000a7b00000, 0x00000000a7b00000, 0x00000000a7c00000|  0%| F|  |TAMS 0x00000000a7b00000, 0x00000000a7b00000| Untracked 
| 124|0x00000000a7c00000, 0x00000000a7c00000, 0x00000000a7d00000|  0%| F|  |TAMS 0x00000000a7c00000, 0x00000000a7c00000| Untracked 
| 125|0x00000000a7d00000, 0x00000000a7d00000, 0x00000000a7e00000|  0%| F|  |TAMS 0x00000000a7d00000, 0x00000000a7d00000| Untracked 
| 126|0x00000000a7e00000, 0x00000000a7e00000, 0x00000000a7f00000|  0%| F|  |TAMS 0x00000000a7e00000, 0x00000000a7e00000| Untracked 
| 127|0x00000000a7f00000, 0x00000000a7f00000, 0x00000000a8000000|  0%| F|  |TAMS 0x00000000a7f00000, 0x00000000a7f00000| Untracked 
| 128|0x00000000a8000000, 0x00000000a8000000, 0x00000000a8100000|  0%| F|  |TAMS 0x00000000a8000000, 0x00000000a8000000| Untracked 
| 129|0x00000000a8100000, 0x00000000a8100000, 0x00000000a8200000|  0%| F|  |TAMS 0x00000000a8100000, 0x00000000a8100000| Untracked 
| 130|0x00000000a8200000, 0x00000000a8200000, 0x00000000a8300000|  0%| F|  |TAMS 0x00000000a8200000, 0x00000000a8200000| Untracked 
| 131|0x00000000a8300000, 0x00000000a8300000, 0x00000000a8400000|  0%| F|  |TAMS 0x00000000a8300000, 0x00000000a8300000| Untracked 
| 132|0x00000000a8400000, 0x00000000a8400000, 0x00000000a8500000|  0%| F|  |TAMS 0x00000000a8400000, 0x00000000a8400000| Untracked 
| 133|0x00000000a8500000, 0x00000000a8500000, 0x00000000a8600000|  0%| F|  |TAMS 0x00000000a8500000, 0x00000000a8500000| Untracked 
| 134|0x00000000a8600000, 0x00000000a8600000, 0x00000000a8700000|  0%| F|  |TAMS 0x00000000a8600000, 0x00000000a8600000| Untracked 
| 135|0x00000000a8700000, 0x00000000a8700000, 0x00000000a8800000|  0%| F|  |TAMS 0x00000000a8700000, 0x00000000a8700000| Untracked 
| 136|0x00000000a8800000, 0x00000000a8800000, 0x00000000a8900000|  0%| F|  |TAMS 0x00000000a8800000, 0x00000000a8800000| Untracked 
| 137|0x00000000a8900000, 0x00000000a8900000, 0x00000000a8a00000|  0%| F|  |TAMS 0x00000000a8900000, 0x00000000a8900000| Untracked 
| 138|0x00000000a8a00000, 0x00000000a8a00000, 0x00000000a8b00000|  0%| F|  |TAMS 0x00000000a8a00000, 0x00000000a8a00000| Untracked 
| 139|0x00000000a8b00000, 0x00000000a8b00000, 0x00000000a8c00000|  0%| F|  |TAMS 0x00000000a8b00000, 0x00000000a8b00000| Untracked 
| 140|0x00000000a8c00000, 0x00000000a8c00000, 0x00000000a8d00000|  0%| F|  |TAMS 0x00000000a8c00000, 0x00000000a8c00000| Untracked 
| 141|0x00000000a8d00000, 0x00000000a8d00000, 0x00000000a8e00000|  0%| F|  |TAMS 0x00000000a8d00000, 0x00000000a8d00000| Untracked 
| 142|0x00000000a8e00000, 0x00000000a8e00000, 0x00000000a8f00000|  0%| F|  |TAMS 0x00000000a8e00000, 0x00000000a8e00000| Untracked 
| 143|0x00000000a8f00000, 0x00000000a8f00000, 0x00000000a9000000|  0%| F|  |TAMS 0x00000000a8f00000, 0x00000000a8f00000| Untracked 
| 144|0x00000000a9000000, 0x00000000a9000000, 0x00000000a9100000|  0%| F|  |TAMS 0x00000000a9000000, 0x00000000a9000000| Untracked 
| 145|0x00000000a9100000, 0x00000000a9100000, 0x00000000a9200000|  0%| F|  |TAMS 0x00000000a9100000, 0x00000000a9100000| Untracked 
| 146|0x00000000a9200000, 0x00000000a9200000, 0x00000000a9300000|  0%| F|  |TAMS 0x00000000a9200000, 0x00000000a9200000| Untracked 
| 147|0x00000000a9300000, 0x00000000a9300000, 0x00000000a9400000|  0%| F|  |TAMS 0x00000000a9300000, 0x00000000a9300000| Untracked 
| 148|0x00000000a9400000, 0x00000000a9400000, 0x00000000a9500000|  0%| F|  |TAMS 0x00000000a9400000, 0x00000000a9400000| Untracked 
| 149|0x00000000a9500000, 0x00000000a9500000, 0x00000000a9600000|  0%| F|  |TAMS 0x00000000a9500000, 0x00000000a9500000| Untracked 
| 150|0x00000000a9600000, 0x00000000a9600000, 0x00000000a9700000|  0%| F|  |TAMS 0x00000000a9600000, 0x00000000a9600000| Untracked 
| 151|0x00000000a9700000, 0x00000000a9700000, 0x00000000a9800000|  0%| F|  |TAMS 0x00000000a9700000, 0x00000000a9700000| Untracked 
| 152|0x00000000a9800000, 0x00000000a9800000, 0x00000000a9900000|  0%| F|  |TAMS 0x00000000a9800000, 0x00000000a9800000| Untracked 
| 153|0x00000000a9900000, 0x00000000a9900000, 0x00000000a9a00000|  0%| F|  |TAMS 0x00000000a9900000, 0x00000000a9900000| Untracked 
| 154|0x00000000a9a00000, 0x00000000a9a00000, 0x00000000a9b00000|  0%| F|  |TAMS 0x00000000a9a00000, 0x00000000a9a00000| Untracked 
| 155|0x00000000a9b00000, 0x00000000a9b00000, 0x00000000a9c00000|  0%| F|  |TAMS 0x00000000a9b00000, 0x00000000a9b00000| Untracked 
| 156|0x00000000a9c00000, 0x00000000a9c00000, 0x00000000a9d00000|  0%| F|  |TAMS 0x00000000a9c00000, 0x00000000a9c00000| Untracked 
| 157|0x00000000a9d00000, 0x00000000a9d00000, 0x00000000a9e00000|  0%| F|  |TAMS 0x00000000a9d00000, 0x00000000a9d00000| Untracked 
| 158|0x00000000a9e00000, 0x00000000a9e00000, 0x00000000a9f00000|  0%| F|  |TAMS 0x00000000a9e00000, 0x00000000a9e00000| Untracked 
| 159|0x00000000a9f00000, 0x00000000a9f00000, 0x00000000aa000000|  0%| F|  |TAMS 0x00000000a9f00000, 0x00000000a9f00000| Untracked 
| 160|0x00000000aa000000, 0x00000000aa000000, 0x00000000aa100000|  0%| F|  |TAMS 0x00000000aa000000, 0x00000000aa000000| Untracked 
| 161|0x00000000aa100000, 0x00000000aa100000, 0x00000000aa200000|  0%| F|  |TAMS 0x00000000aa100000, 0x00000000aa100000| Untracked 
| 162|0x00000000aa200000, 0x00000000aa200000, 0x00000000aa300000|  0%| F|  |TAMS 0x00000000aa200000, 0x00000000aa200000| Untracked 
| 163|0x00000000aa300000, 0x00000000aa300000, 0x00000000aa400000|  0%| F|  |TAMS 0x00000000aa300000, 0x00000000aa300000| Untracked 
| 164|0x00000000aa400000, 0x00000000aa400000, 0x00000000aa500000|  0%| F|  |TAMS 0x00000000aa400000, 0x00000000aa400000| Untracked 
| 165|0x00000000aa500000, 0x00000000aa500000, 0x00000000aa600000|  0%| F|  |TAMS 0x00000000aa500000, 0x00000000aa500000| Untracked 
| 166|0x00000000aa600000, 0x00000000aa600000, 0x00000000aa700000|  0%| F|  |TAMS 0x00000000aa600000, 0x00000000aa600000| Untracked 
| 167|0x00000000aa700000, 0x00000000aa700000, 0x00000000aa800000|  0%| F|  |TAMS 0x00000000aa700000, 0x00000000aa700000| Untracked 
| 168|0x00000000aa800000, 0x00000000aa800000, 0x00000000aa900000|  0%| F|  |TAMS 0x00000000aa800000, 0x00000000aa800000| Untracked 
| 169|0x00000000aa900000, 0x00000000aa900000, 0x00000000aaa00000|  0%| F|  |TAMS 0x00000000aa900000, 0x00000000aa900000| Untracked 
| 170|0x00000000aaa00000, 0x00000000aaa00000, 0x00000000aab00000|  0%| F|  |TAMS 0x00000000aaa00000, 0x00000000aaa00000| Untracked 
| 171|0x00000000aab00000, 0x00000000aab00000, 0x00000000aac00000|  0%| F|  |TAMS 0x00000000aab00000, 0x00000000aab00000| Untracked 
| 172|0x00000000aac00000, 0x00000000aac00000, 0x00000000aad00000|  0%| F|  |TAMS 0x00000000aac00000, 0x00000000aac00000| Untracked 
| 173|0x00000000aad00000, 0x00000000aad00000, 0x00000000aae00000|  0%| F|  |TAMS 0x00000000aad00000, 0x00000000aad00000| Untracked 
| 174|0x00000000aae00000, 0x00000000aae00000, 0x00000000aaf00000|  0%| F|  |TAMS 0x00000000aae00000, 0x00000000aae00000| Untracked 
| 175|0x00000000aaf00000, 0x00000000aaf00000, 0x00000000ab000000|  0%| F|  |TAMS 0x00000000aaf00000, 0x00000000aaf00000| Untracked 
| 176|0x00000000ab000000, 0x00000000ab000000, 0x00000000ab100000|  0%| F|  |TAMS 0x00000000ab000000, 0x00000000ab000000| Untracked 
| 177|0x00000000ab100000, 0x00000000ab110280, 0x00000000ab200000|  6%| S|CS|TAMS 0x00000000ab100000, 0x00000000ab100000| Complete 
| 178|0x00000000ab200000, 0x00000000ab300000, 0x00000000ab300000|100%| S|CS|TAMS 0x00000000ab200000, 0x00000000ab200000| Complete 
| 179|0x00000000ab300000, 0x00000000ab400000, 0x00000000ab400000|100%| S|CS|TAMS 0x00000000ab300000, 0x00000000ab300000| Complete 
| 180|0x00000000ab400000, 0x00000000ab500000, 0x00000000ab500000|100%| S|CS|TAMS 0x00000000ab400000, 0x00000000ab400000| Complete 
| 181|0x00000000ab500000, 0x00000000ab600000, 0x00000000ab600000|100%| S|CS|TAMS 0x00000000ab500000, 0x00000000ab500000| Complete 
| 182|0x00000000ab600000, 0x00000000ab700000, 0x00000000ab700000|100%| S|CS|TAMS 0x00000000ab600000, 0x00000000ab600000| Complete 
| 183|0x00000000ab700000, 0x00000000ab800000, 0x00000000ab800000|100%| S|CS|TAMS 0x00000000ab700000, 0x00000000ab700000| Complete 
| 184|0x00000000ab800000, 0x00000000ab900000, 0x00000000ab900000|100%| S|CS|TAMS 0x00000000ab800000, 0x00000000ab800000| Complete 
| 185|0x00000000ab900000, 0x00000000ab900000, 0x00000000aba00000|  0%| F|  |TAMS 0x00000000ab900000, 0x00000000ab900000| Untracked 
| 186|0x00000000aba00000, 0x00000000aba00000, 0x00000000abb00000|  0%| F|  |TAMS 0x00000000aba00000, 0x00000000aba00000| Untracked 
| 187|0x00000000abb00000, 0x00000000abb00000, 0x00000000abc00000|  0%| F|  |TAMS 0x00000000abb00000, 0x00000000abb00000| Untracked 
| 188|0x00000000abc00000, 0x00000000abc00000, 0x00000000abd00000|  0%| F|  |TAMS 0x00000000abc00000, 0x00000000abc00000| Untracked 
| 189|0x00000000abd00000, 0x00000000abd00000, 0x00000000abe00000|  0%| F|  |TAMS 0x00000000abd00000, 0x00000000abd00000| Untracked 
| 190|0x00000000abe00000, 0x00000000abe00000, 0x00000000abf00000|  0%| F|  |TAMS 0x00000000abe00000, 0x00000000abe00000| Untracked 
| 191|0x00000000abf00000, 0x00000000abf00000, 0x00000000ac000000|  0%| F|  |TAMS 0x00000000abf00000, 0x00000000abf00000| Untracked 
| 192|0x00000000ac000000, 0x00000000ac000000, 0x00000000ac100000|  0%| F|  |TAMS 0x00000000ac000000, 0x00000000ac000000| Untracked 
| 193|0x00000000ac100000, 0x00000000ac100000, 0x00000000ac200000|  0%| F|  |TAMS 0x00000000ac100000, 0x00000000ac100000| Untracked 
| 194|0x00000000ac200000, 0x00000000ac200000, 0x00000000ac300000|  0%| F|  |TAMS 0x00000000ac200000, 0x00000000ac200000| Untracked 
| 195|0x00000000ac300000, 0x00000000ac300000, 0x00000000ac400000|  0%| F|  |TAMS 0x00000000ac300000, 0x00000000ac300000| Untracked 
| 196|0x00000000ac400000, 0x00000000ac400000, 0x00000000ac500000|  0%| F|  |TAMS 0x00000000ac400000, 0x00000000ac400000| Untracked 
| 197|0x00000000ac500000, 0x00000000ac500000, 0x00000000ac600000|  0%| F|  |TAMS 0x00000000ac500000, 0x00000000ac500000| Untracked 
| 198|0x00000000ac600000, 0x00000000ac600000, 0x00000000ac700000|  0%| F|  |TAMS 0x00000000ac600000, 0x00000000ac600000| Untracked 
| 199|0x00000000ac700000, 0x00000000ac700000, 0x00000000ac800000|  0%| F|  |TAMS 0x00000000ac700000, 0x00000000ac700000| Untracked 
| 200|0x00000000ac800000, 0x00000000ac800000, 0x00000000ac900000|  0%| F|  |TAMS 0x00000000ac800000, 0x00000000ac800000| Untracked 
| 201|0x00000000ac900000, 0x00000000ac900000, 0x00000000aca00000|  0%| F|  |TAMS 0x00000000ac900000, 0x00000000ac900000| Untracked 
| 202|0x00000000aca00000, 0x00000000aca00000, 0x00000000acb00000|  0%| F|  |TAMS 0x00000000aca00000, 0x00000000aca00000| Untracked 
| 203|0x00000000acb00000, 0x00000000acb00000, 0x00000000acc00000|  0%| F|  |TAMS 0x00000000acb00000, 0x00000000acb00000| Untracked 
| 204|0x00000000acc00000, 0x00000000acc00000, 0x00000000acd00000|  0%| F|  |TAMS 0x00000000acc00000, 0x00000000acc00000| Untracked 
| 205|0x00000000acd00000, 0x00000000acd00000, 0x00000000ace00000|  0%| F|  |TAMS 0x00000000acd00000, 0x00000000acd00000| Untracked 
| 206|0x00000000ace00000, 0x00000000ace00000, 0x00000000acf00000|  0%| F|  |TAMS 0x00000000ace00000, 0x00000000ace00000| Untracked 
| 207|0x00000000acf00000, 0x00000000acf00000, 0x00000000ad000000|  0%| F|  |TAMS 0x00000000acf00000, 0x00000000acf00000| Untracked 
| 208|0x00000000ad000000, 0x00000000ad000000, 0x00000000ad100000|  0%| F|  |TAMS 0x00000000ad000000, 0x00000000ad000000| Untracked 
| 209|0x00000000ad100000, 0x00000000ad100000, 0x00000000ad200000|  0%| F|  |TAMS 0x00000000ad100000, 0x00000000ad100000| Untracked 
| 210|0x00000000ad200000, 0x00000000ad200000, 0x00000000ad300000|  0%| F|  |TAMS 0x00000000ad200000, 0x00000000ad200000| Untracked 
| 211|0x00000000ad300000, 0x00000000ad300000, 0x00000000ad400000|  0%| F|  |TAMS 0x00000000ad300000, 0x00000000ad300000| Untracked 
| 212|0x00000000ad400000, 0x00000000ad400000, 0x00000000ad500000|  0%| F|  |TAMS 0x00000000ad400000, 0x00000000ad400000| Untracked 
| 213|0x00000000ad500000, 0x00000000ad500000, 0x00000000ad600000|  0%| F|  |TAMS 0x00000000ad500000, 0x00000000ad500000| Untracked 
| 214|0x00000000ad600000, 0x00000000ad600000, 0x00000000ad700000|  0%| F|  |TAMS 0x00000000ad600000, 0x00000000ad600000| Untracked 
| 215|0x00000000ad700000, 0x00000000ad700000, 0x00000000ad800000|  0%| F|  |TAMS 0x00000000ad700000, 0x00000000ad700000| Untracked 
| 216|0x00000000ad800000, 0x00000000ad800000, 0x00000000ad900000|  0%| F|  |TAMS 0x00000000ad800000, 0x00000000ad800000| Untracked 
| 217|0x00000000ad900000, 0x00000000ad900000, 0x00000000ada00000|  0%| F|  |TAMS 0x00000000ad900000, 0x00000000ad900000| Untracked 
| 218|0x00000000ada00000, 0x00000000ada00000, 0x00000000adb00000|  0%| F|  |TAMS 0x00000000ada00000, 0x00000000ada00000| Untracked 
| 219|0x00000000adb00000, 0x00000000adb00000, 0x00000000adc00000|  0%| F|  |TAMS 0x00000000adb00000, 0x00000000adb00000| Untracked 
| 220|0x00000000adc00000, 0x00000000adc00000, 0x00000000add00000|  0%| F|  |TAMS 0x00000000adc00000, 0x00000000adc00000| Untracked 
| 221|0x00000000add00000, 0x00000000add00000, 0x00000000ade00000|  0%| F|  |TAMS 0x00000000add00000, 0x00000000add00000| Untracked 
| 222|0x00000000ade00000, 0x00000000ade00000, 0x00000000adf00000|  0%| F|  |TAMS 0x00000000ade00000, 0x00000000ade00000| Untracked 
| 223|0x00000000adf00000, 0x00000000adf00000, 0x00000000ae000000|  0%| F|  |TAMS 0x00000000adf00000, 0x00000000adf00000| Untracked 
| 224|0x00000000ae000000, 0x00000000ae000000, 0x00000000ae100000|  0%| F|  |TAMS 0x00000000ae000000, 0x00000000ae000000| Untracked 
| 225|0x00000000ae100000, 0x00000000ae100000, 0x00000000ae200000|  0%| F|  |TAMS 0x00000000ae100000, 0x00000000ae100000| Untracked 
| 226|0x00000000ae200000, 0x00000000ae200000, 0x00000000ae300000|  0%| F|  |TAMS 0x00000000ae200000, 0x00000000ae200000| Untracked 
| 227|0x00000000ae300000, 0x00000000ae300000, 0x00000000ae400000|  0%| F|  |TAMS 0x00000000ae300000, 0x00000000ae300000| Untracked 
| 228|0x00000000ae400000, 0x00000000ae400000, 0x00000000ae500000|  0%| F|  |TAMS 0x00000000ae400000, 0x00000000ae400000| Untracked 
| 229|0x00000000ae500000, 0x00000000ae500000, 0x00000000ae600000|  0%| F|  |TAMS 0x00000000ae500000, 0x00000000ae500000| Untracked 
| 230|0x00000000ae600000, 0x00000000ae600000, 0x00000000ae700000|  0%| F|  |TAMS 0x00000000ae600000, 0x00000000ae600000| Untracked 
| 231|0x00000000ae700000, 0x00000000ae700000, 0x00000000ae800000|  0%| F|  |TAMS 0x00000000ae700000, 0x00000000ae700000| Untracked 
| 232|0x00000000ae800000, 0x00000000ae800000, 0x00000000ae900000|  0%| F|  |TAMS 0x00000000ae800000, 0x00000000ae800000| Untracked 
| 233|0x00000000ae900000, 0x00000000ae900000, 0x00000000aea00000|  0%| F|  |TAMS 0x00000000ae900000, 0x00000000ae900000| Untracked 
| 234|0x00000000aea00000, 0x00000000aea00000, 0x00000000aeb00000|  0%| F|  |TAMS 0x00000000aea00000, 0x00000000aea00000| Untracked 
| 235|0x00000000aeb00000, 0x00000000aeb00000, 0x00000000aec00000|  0%| F|  |TAMS 0x00000000aeb00000, 0x00000000aeb00000| Untracked 
| 236|0x00000000aec00000, 0x00000000aec00000, 0x00000000aed00000|  0%| F|  |TAMS 0x00000000aec00000, 0x00000000aec00000| Untracked 
| 237|0x00000000aed00000, 0x00000000aed00000, 0x00000000aee00000|  0%| F|  |TAMS 0x00000000aed00000, 0x00000000aed00000| Untracked 
| 238|0x00000000aee00000, 0x00000000aee00000, 0x00000000aef00000|  0%| F|  |TAMS 0x00000000aee00000, 0x00000000aee00000| Untracked 
| 239|0x00000000aef00000, 0x00000000aef00000, 0x00000000af000000|  0%| F|  |TAMS 0x00000000aef00000, 0x00000000aef00000| Untracked 
| 240|0x00000000af000000, 0x00000000af000000, 0x00000000af100000|  0%| F|  |TAMS 0x00000000af000000, 0x00000000af000000| Untracked 
| 241|0x00000000af100000, 0x00000000af100000, 0x00000000af200000|  0%| F|  |TAMS 0x00000000af100000, 0x00000000af100000| Untracked 
| 242|0x00000000af200000, 0x00000000af283458, 0x00000000af300000| 51%| E|  |TAMS 0x00000000af200000, 0x00000000af200000| Complete 
| 243|0x00000000af300000, 0x00000000af400000, 0x00000000af400000|100%| E|CS|TAMS 0x00000000af300000, 0x00000000af300000| Complete 
| 244|0x00000000af400000, 0x00000000af500000, 0x00000000af500000|100%| E|CS|TAMS 0x00000000af400000, 0x00000000af400000| Complete 
| 245|0x00000000af500000, 0x00000000af600000, 0x00000000af600000|100%| E|CS|TAMS 0x00000000af500000, 0x00000000af500000| Complete 

Card table byte_map: [0x00000192f5c00000,0x00000192f5f00000] _byte_map_base: 0x00000192f5700000

Marking Bits (Prev, Next): (CMBitMap*) 0x00000192dbf1c068, (CMBitMap*) 0x00000192dbf1c0a0
 Prev Bits: [0x00000192f6200000, 0x00000192f7a00000)
 Next Bits: [0x00000192f7a00000, 0x00000192f9200000)

Polling page: 0x00000192db980000

Metaspace:

Usage:
  Non-class:     30.15 MB capacity,    29.57 MB ( 98%) used,   507.68 KB (  2%) free+waste,    90.06 KB ( <1%) overhead. 
      Class:      4.80 MB capacity,     4.46 MB ( 93%) used,   303.43 KB (  6%) free+waste,    45.19 KB ( <1%) overhead. 
       Both:     34.95 MB capacity,    34.02 MB ( 97%) used,   811.11 KB (  2%) free+waste,   135.25 KB ( <1%) overhead. 

Virtual space:
  Non-class space:       32.00 MB reserved,      30.17 MB ( 94%) committed 
      Class space:        1.00 GB reserved,       4.88 MB ( <1%) committed 
             Both:        1.03 GB reserved,      35.04 MB (  3%) committed 

Chunk freelists:
   Non-Class:  18.00 KB
       Class:  15.00 KB
        Both:  33.00 KB

MaxMetaspaceSize: 17179869184.00 GB
CompressedClassSpaceSize: 1.00 GB
Initial GC threshold: 20.80 MB
Current GC threshold: 58.41 MB
CDS: off

CodeHeap 'non-profiled nmethods': size=120000Kb used=1649Kb max_used=1649Kb free=118350Kb
 bounds [0x00000192ed750000, 0x00000192ed9c0000, 0x00000192f4c80000]
CodeHeap 'profiled nmethods': size=120000Kb used=6411Kb max_used=6411Kb free=113588Kb
 bounds [0x00000192e6220000, 0x00000192e6870000, 0x00000192ed750000]
CodeHeap 'non-nmethods': size=5760Kb used=1251Kb max_used=1292Kb free=4508Kb
 bounds [0x00000192e5c80000, 0x00000192e5ef0000, 0x00000192e6220000]
 total_blobs=3574 nmethods=3039 adapters=447
 compilation: enabled
              stopped_count=0, restarted_count=0
 full_count=0

Compilation events (20 events):
Event: 6.434 Thread 0x00000192fc74e800 nmethod 3017 0x00000192e6848490 code [0x00000192e68486c0, 0x00000192e6848b28]
Event: 6.434 Thread 0x00000192fc74e800 3018       3       java.util.stream.Sink::begin (1 bytes)
Event: 6.434 Thread 0x00000192fc74e800 nmethod 3018 0x00000192e6848e10 code [0x00000192e6848fc0, 0x00000192e68490b8]
Event: 6.444 Thread 0x00000192fc74e800 3020       3       com.google.common.collect.ImmutableSet$RegularSetBuilderImpl::insertInHashTable (125 bytes)
Event: 6.445 Thread 0x00000192fc74e800 nmethod 3020 0x00000192e6849190 code [0x00000192e6849420, 0x00000192e684a0a8]
Event: 6.445 Thread 0x00000192fc74e800 3022       3       jdk.internal.org.objectweb.asm.MethodVisitor::visitCode (15 bytes)
Event: 6.445 Thread 0x00000192fc74e800 nmethod 3022 0x00000192e684a610 code [0x00000192e684a7c0, 0x00000192e684a9a8]
Event: 6.446 Thread 0x00000192fc74e800 3023       3       jdk.internal.org.objectweb.asm.MethodVisitor::visitMaxs (17 bytes)
Event: 6.446 Thread 0x00000192fc74e800 nmethod 3023 0x00000192e684aa90 code [0x00000192e684ac40, 0x00000192e684ae28]
Event: 6.446 Thread 0x00000192fc74e800 3024       3       jdk.internal.org.objectweb.asm.MethodVisitor::visitEnd (15 bytes)
Event: 6.446 Thread 0x00000192fc74e800 nmethod 3024 0x00000192e684af10 code [0x00000192e684b0c0, 0x00000192e684b2a8]
Event: 6.448 Thread 0x00000192fc74e800 3025       3       java.util.AbstractCollection::toArray (70 bytes)
Event: 6.449 Thread 0x00000192fc74e800 nmethod 3025 0x00000192e684b390 code [0x00000192e684b5e0, 0x00000192e684bf08]
Event: 6.458 Thread 0x00000192fc74e800 3026       3       com.google.common.base.Preconditions::checkArgument (28 bytes)
Event: 6.458 Thread 0x00000192fc74e800 nmethod 3026 0x00000192e684c190 code [0x00000192e684c3a0, 0x00000192e684c998]
Event: 6.458 Thread 0x00000192fc74e800 3027       3       com.google.common.io.BaseEncoding$Alphabet::encode (7 bytes)
Event: 6.458 Thread 0x00000192fc74e800 nmethod 3027 0x00000192e684cc10 code [0x00000192e684cdc0, 0x00000192e684cef8]
Event: 6.519 Thread 0x00000192fc74e800 3030       3       java.lang.invoke.InnerClassLambdaMetafactory::<init> (240 bytes)
Event: 6.521 Thread 0x00000192fc74e800 nmethod 3030 0x00000192e684d010 code [0x00000192e684d480, 0x00000192e684f578]
Event: 6.521 Thread 0x00000192fc74e800 3031       3       java.lang.invoke.AbstractValidatingLambdaMetafactory::<init> (474 bytes)

GC Heap History (10 events):
Event: 1.039 GC heap before
{Heap before GC invocations=0 (full 0):
 garbage-first heap   total 251904K, used 27648K [0x00000000a0000000, 0x0000000100000000)
  region size 1024K, 24 young (24576K), 0 survivors (0K)
 Metaspace       used 9856K, capacity 10086K, committed 10368K, reserved 1058816K
  class space    used 979K, capacity 1045K, committed 1152K, reserved 1048576K
}
Event: 1.044 GC heap after
{Heap after GC invocations=1 (full 0):
 garbage-first heap   total 251904K, used 10393K [0x00000000a0000000, 0x0000000100000000)
  region size 1024K, 3 young (3072K), 3 survivors (3072K)
 Metaspace       used 9856K, capacity 10086K, committed 10368K, reserved 1058816K
  class space    used 979K, capacity 1045K, committed 1152K, reserved 1048576K
}
Event: 3.952 GC heap before
{Heap before GC invocations=1 (full 0):
 garbage-first heap   total 251904K, used 101529K [0x00000000a0000000, 0x0000000100000000)
  region size 1024K, 92 young (94208K), 3 survivors (3072K)
 Metaspace       used 20763K, capacity 21189K, committed 21248K, reserved 1069056K
  class space    used 2407K, capacity 2549K, committed 2560K, reserved 1048576K
}
Event: 3.963 GC heap after
{Heap after GC invocations=2 (full 0):
 garbage-first heap   total 251904K, used 18391K [0x00000000a0000000, 0x0000000100000000)
  region size 1024K, 11 young (11264K), 11 survivors (11264K)
 Metaspace       used 20763K, capacity 21189K, committed 21248K, reserved 1069056K
  class space    used 2407K, capacity 2549K, committed 2560K, reserved 1048576K
}
Event: 4.345 GC heap before
{Heap before GC invocations=3 (full 0):
 garbage-first heap   total 251904K, used 39895K [0x00000000a0000000, 0x0000000100000000)
  region size 1024K, 32 young (32768K), 11 survivors (11264K)
 Metaspace       used 22857K, capacity 23499K, committed 23808K, reserved 1071104K
  class space    used 2736K, capacity 2985K, committed 3072K, reserved 1048576K
}
Event: 4.354 GC heap after
{Heap after GC invocations=4 (full 0):
 garbage-first heap   total 251904K, used 19350K [0x00000000a0000000, 0x0000000100000000)
  region size 1024K, 2 young (2048K), 2 survivors (2048K)
 Metaspace       used 22857K, capacity 23499K, committed 23808K, reserved 1071104K
  class space    used 2736K, capacity 2985K, committed 3072K, reserved 1048576K
}
Event: 5.529 GC heap before
{Heap before GC invocations=4 (full 0):
 garbage-first heap   total 251904K, used 96150K [0x00000000a0000000, 0x0000000100000000)
  region size 1024K, 77 young (78848K), 2 survivors (2048K)
 Metaspace       used 29059K, capacity 29793K, committed 29952K, reserved 1075200K
  class space    used 3774K, capacity 4081K, committed 4096K, reserved 1048576K
}
Event: 5.533 GC heap after
{Heap after GC invocations=5 (full 0):
 garbage-first heap   total 251904K, used 23079K [0x00000000a0000000, 0x0000000100000000)
  region size 1024K, 5 young (5120K), 5 survivors (5120K)
 Metaspace       used 29059K, capacity 29793K, committed 29952K, reserved 1075200K
  class space    used 3774K, capacity 4081K, committed 4096K, reserved 1048576K
}
Event: 6.489 GC heap before
{Heap before GC invocations=5 (full 0):
 garbage-first heap   total 251904K, used 83495K [0x00000000a0000000, 0x0000000100000000)
  region size 1024K, 66 young (67584K), 5 survivors (5120K)
 Metaspace       used 34551K, capacity 35453K, committed 35628K, reserved 1079296K
  class space    used 4522K, capacity 4865K, committed 4992K, reserved 1048576K
}
Event: 6.503 GC heap after
{Heap after GC invocations=6 (full 0):
 garbage-first heap   total 251904K, used 25476K [0x00000000a0000000, 0x0000000100000000)
  region size 1024K, 8 young (8192K), 8 survivors (8192K)
 Metaspace       used 34551K, capacity 35453K, committed 35628K, reserved 1079296K
  class space    used 4522K, capacity 4865K, committed 4992K, reserved 1048576K
}

Deoptimization events (20 events):
Event: 5.745 Thread 0x00000192fd96d000 Uncommon trap: trap_request=0xffffff4d fr.pc=0x00000192ed8a5018 relative=0x0000000000005a78
Event: 5.746 Thread 0x00000192fd96d000 Uncommon trap: reason=unstable_if action=reinterpret pc=0x00000192ed8a5018 method=java.util.jar.JarFile.maybeInstantiateVerifier()V @ 4 c2
Event: 5.746 Thread 0x00000192fd96d000 DEOPT PACKING pc=0x00000192ed8a5018 sp=0x00000051043f9fd0
Event: 5.746 Thread 0x00000192fd96d000 DEOPT UNPACKING pc=0x00000192e5cca1af sp=0x00000051043f9dd0 mode 2
Event: 5.760 Thread 0x00000192fd96d000 Uncommon trap: trap_request=0xffffff4d fr.pc=0x00000192ed85f368 relative=0x0000000000000228
Event: 5.760 Thread 0x00000192fd96d000 Uncommon trap: reason=unstable_if action=reinterpret pc=0x00000192ed85f368 method=java.util.LinkedHashMap.get(Ljava/lang/Object;)Ljava/lang/Object; @ 20 c2
Event: 5.760 Thread 0x00000192fd96d000 DEOPT PACKING pc=0x00000192ed85f368 sp=0x00000051043f93b0
Event: 5.760 Thread 0x00000192fd96d000 DEOPT UNPACKING pc=0x00000192e5cca1af sp=0x00000051043f9358 mode 2
Event: 6.231 Thread 0x00000192fd96d000 Uncommon trap: trap_request=0xffffff4d fr.pc=0x00000192ed853748 relative=0x0000000000000208
Event: 6.231 Thread 0x00000192fd96d000 Uncommon trap: reason=unstable_if action=reinterpret pc=0x00000192ed853748 method=java.util.HashMap.hash(Ljava/lang/Object;)I @ 1 c2
Event: 6.231 Thread 0x00000192fd96d000 DEOPT PACKING pc=0x00000192ed853748 sp=0x00000051043f7460
Event: 6.231 Thread 0x00000192fd96d000 DEOPT UNPACKING pc=0x00000192e5cca1af sp=0x00000051043f7398 mode 2
Event: 6.231 Thread 0x00000192fd96d000 Uncommon trap: trap_request=0xffffff4d fr.pc=0x00000192ed8463ac relative=0x000000000000008c
Event: 6.231 Thread 0x00000192fd96d000 Uncommon trap: reason=unstable_if action=reinterpret pc=0x00000192ed8463ac method=java.util.HashMap.hash(Ljava/lang/Object;)I @ 1 c2
Event: 6.231 Thread 0x00000192fd96d000 DEOPT PACKING pc=0x00000192ed8463ac sp=0x00000051043f71d0
Event: 6.231 Thread 0x00000192fd96d000 DEOPT UNPACKING pc=0x00000192e5cca1af sp=0x00000051043f7168 mode 2
Event: 6.288 Thread 0x00000192fd96d000 Uncommon trap: trap_request=0xffffff4d fr.pc=0x00000192ed8e3b64 relative=0x00000000000001a4
Event: 6.288 Thread 0x00000192fd96d000 Uncommon trap: reason=unstable_if action=reinterpret pc=0x00000192ed8e3b64 method=java.util.regex.Pattern$BmpCharProperty.match(Ljava/util/regex/Matcher;ILjava/lang/CharSequence;)Z @ 39 c2
Event: 6.288 Thread 0x00000192fd96d000 DEOPT PACKING pc=0x00000192ed8e3b64 sp=0x00000051043f8e20
Event: 6.288 Thread 0x00000192fd96d000 DEOPT UNPACKING pc=0x00000192e5cca1af sp=0x00000051043f8dd0 mode 2

Classes redefined (0 events):
No events

Internal exceptions (20 events):
Event: 5.797 Thread 0x00000192fd96d000 Exception <a 'java/lang/NoSuchMethodError'{0x00000000aea22ce8}: <clinit>> (0x00000000aea22ce8) thrown at [s\src\hotspot\share\prims\jni.cpp, line 1372]
Event: 5.797 Thread 0x00000192fd96d000 Exception <a 'java/lang/NoSuchMethodError'{0x00000000aea25708}: <clinit>> (0x00000000aea25708) thrown at [s\src\hotspot\share\prims\jni.cpp, line 1372]
Event: 5.797 Thread 0x00000192fd96d000 Exception <a 'java/lang/NoSuchMethodError'{0x00000000aea26ce0}: <clinit>> (0x00000000aea26ce0) thrown at [s\src\hotspot\share\prims\jni.cpp, line 1372]
Event: 5.798 Thread 0x00000192fd96d000 Exception <a 'java/lang/NoSuchMethodError'{0x00000000aea28248}: <clinit>> (0x00000000aea28248) thrown at [s\src\hotspot\share\prims\jni.cpp, line 1372]
Event: 5.798 Thread 0x00000192fd96d000 Exception <a 'java/lang/NoSuchMethodError'{0x00000000aea29978}: <clinit>> (0x00000000aea29978) thrown at [s\src\hotspot\share\prims\jni.cpp, line 1372]
Event: 5.798 Thread 0x00000192fd96d000 Exception <a 'java/lang/NoSuchMethodError'{0x00000000aea2afe0}: <clinit>> (0x00000000aea2afe0) thrown at [s\src\hotspot\share\prims\jni.cpp, line 1372]
Event: 5.798 Thread 0x00000192fd96d000 Exception <a 'java/lang/NoSuchMethodError'{0x00000000aea2c240}: <clinit>> (0x00000000aea2c240) thrown at [s\src\hotspot\share\prims\jni.cpp, line 1372]
Event: 5.800 Thread 0x00000192fd96d000 Exception <a 'java/lang/NoSuchMethodError'{0x00000000aea3d090}: <clinit>> (0x00000000aea3d090) thrown at [s\src\hotspot\share\prims\jni.cpp, line 1372]
Event: 5.802 Thread 0x00000192fd96d000 Exception <a 'java/lang/NoSuchMethodError'{0x00000000aea4d7f8}: <clinit>> (0x00000000aea4d7f8) thrown at [s\src\hotspot\share\prims\jni.cpp, line 1372]
Event: 5.841 Thread 0x00000192fd96d000 Exception <a 'java/lang/NoSuchMethodError'{0x00000000ae8819c0}: 'java.lang.Object java.lang.invoke.Invokers$Holder.linkToTargetMethod(java.lang.Object, int, java.lang.Object)'> (0x00000000ae8819c0) thrown at [s\src\hotspot\share\interpreter\linkResolver.cpp, line 773]
Event: 6.106 Thread 0x00000192fd96d000 Exception <a 'java/lang/NoSuchMethodError'{0x00000000ad3d1b88}: 'java.lang.Object java.lang.invoke.DirectMethodHandle$Holder.invokeSpecialIFC(java.lang.Object, java.lang.Object, java.lang.Object, java.lang.Object)'> (0x00000000ad3d1b88) thrown at [s\src\hotspot\share\interpreter\linkResolver.cpp, line 773]
Event: 6.231 Thread 0x00000192fd96d000 Implicit null exception at 0x00000192ed853575 to 0x00000192ed853738
Event: 6.231 Thread 0x00000192fd96d000 Implicit null exception at 0x00000192ed84632f to 0x00000192ed84639d
Event: 6.293 Thread 0x00000192fd96d000 Exception <a 'java/lang/NoSuchMethodError'{0x00000000ac7894d0}: 'java.lang.Object java.lang.invoke.DirectMethodHandle$Holder.invokeSpecial(java.lang.Object, java.lang.Object, java.lang.Object, java.lang.Object, java.lang.Object, java.lang.Object, java.lang.Object, java.lang.Object, java.lang.Object, java.lang.Object, java.lang.Object, java.lang.Object, java.lang.Object)'> (0x00000000ac7894d0) thrown at [s\src\hotspot\share\interpreter\linkResolver.cpp, line 773]
Event: 6.294 Thread 0x00000192fd96d000 Exception <a 'java/lang/NoSuchMethodError'{0x00000000ac79a510}: 'java.lang.Object java.lang.invoke.DirectMethodHandle$Holder.invokeSpecial(java.lang.Object, java.lang.Object, java.lang.Object, java.lang.Object, java.lang.Object, java.lang.Object, java.lang.Object, java.lang.Object, java.lang.Object, java.lang.Object, java.lang.Object, java.lang.Object)'> (0x00000000ac79a510) thrown at [s\src\hotspot\share\interpreter\linkResolver.cpp, line 773]
Event: 6.295 Thread 0x00000192fd96d000 Exception <a 'java/lang/NoSuchMethodError'{0x00000000ac79f8e0}: 'java.lang.Object java.lang.invoke.Invokers$Holder.linkToTargetMethod(java.lang.Object, java.lang.Object, java.lang.Object, java.lang.Object, java.lang.Object, java.lang.Object, java.lang.Object, java.lang.Object, java.lang.Object, java.lang.Object, java.lang.Object)'> (0x00000000ac79f8e0) thrown at [s\src\hotspot\share\interpreter\linkResolver.cpp, line 773]
Event: 6.303 Thread 0x00000192fd96d000 Exception <a 'java/lang/NoSuchMethodError'{0x00000000ac64cc10}: 'java.lang.Object java.lang.invoke.DirectMethodHandle$Holder.invokeSpecial(java.lang.Object, java.lang.Object, java.lang.Object, java.lang.Object, java.lang.Object, java.lang.Object, java.lang.Object, java.lang.Object, java.lang.Object, java.lang.Object, java.lang.Object, java.lang.Object, java.lang.Object, java.lang.Object)'> (0x00000000ac64cc10) thrown at [s\src\hotspot\share\interpreter\linkResolver.cpp, line 773]
Event: 6.304 Thread 0x00000192fd96d000 Exception <a 'java/lang/NoSuchMethodError'{0x00000000ac65e470}: 'java.lang.Object java.lang.invoke.Invokers$Holder.linkToTargetMethod(java.lang.Object, java.lang.Object, java.lang.Object, java.lang.Object, java.lang.Object, java.lang.Object, java.lang.Object, java.lang.Object, java.lang.Object, java.lang.Object, java.lang.Object, java.lang.Object)'> (0x00000000ac65e470) thrown at [s\src\hotspot\share\interpreter\linkResolver.cpp, line 773]
Event: 6.308 Thread 0x00000192fd96d000 Exception <a 'java/lang/NoSuchMethodError'{0x00000000ac6aa410}: 'java.lang.Object java.lang.invoke.Invokers$Holder.linkToTargetMethod(java.lang.Object, java.lang.Object, java.lang.Object, java.lang.Object, java.lang.Object, java.lang.Object, java.lang.Object, java.lang.Object, java.lang.Object, java.lang.Object)'> (0x00000000ac6aa410) thrown at [s\src\hotspot\share\interpreter\linkResolver.cpp, line 773]
Event: 6.320 Thread 0x00000192fd96d000 Exception <a 'java/lang/NoSuchMethodError'{0x00000000ac547d20}: 'java.lang.Object java.lang.invoke.DirectMethodHandle$Holder.invokeStaticInit(java.lang.Object, java.lang.Object, java.lang.Object, java.lang.Object)'> (0x00000000ac547d20) thrown at [s\src\hotspot\share\interpreter\linkResolver.cpp, line 773]

Events (20 events):
Event: 6.518 loading class org/gradle/internal/Try$Success
Event: 6.518 loading class org/gradle/internal/Try$Success done
Event: 6.519 loading class org/gradle/internal/Try
Event: 6.519 loading class org/gradle/internal/Try done
Event: 6.519 loading class org/gradle/cache/internal/DefaultCrossBuildInMemoryCacheFactory$CrossBuildCacheRetainingDataFromPreviousBuild
Event: 6.519 loading class org/gradle/cache/internal/DefaultCrossBuildInMemoryCacheFactory$CrossBuildCacheRetainingDataFromPreviousBuild done
Event: 6.520 loading class org/gradle/cache/ManualEvictionInMemoryCache
Event: 6.520 loading class org/gradle/cache/ManualEvictionInMemoryCache done
Event: 6.520 Executing VM operation: CGC_Operation
Event: 6.521 Executing VM operation: CGC_Operation done
Event: 6.521 loading class org/gradle/internal/execution/workspace/impl/DefaultImmutableWorkspaceProvider
Event: 6.521 loading class org/gradle/internal/execution/workspace/impl/DefaultImmutableWorkspaceProvider done
Event: 6.522 loading class org/gradle/internal/execution/history/ExecutionHistoryStore
Event: 6.522 loading class org/gradle/internal/execution/history/ExecutionHistoryStore done
Event: 6.522 loading class org/gradle/cache/PersistentCache
Event: 6.522 loading class org/gradle/cache/PersistentCache done
Event: 6.522 loading class org/gradle/internal/execution/history/ExecutionHistoryStore
Event: 6.522 loading class org/gradle/internal/execution/history/ExecutionHistoryStore done
Event: 6.524 loading class org/gradle/api/internal/artifacts/DefaultDependencyManagementServices$ArtifactTransformResolutionGradleUserHomeServices$1
Event: 6.524 loading class org/gradle/api/internal/artifacts/DefaultDependencyManagementServices$ArtifactTransformResolutionGradleUserHomeServices$1 done


Dynamic libraries:
0x00007ff684db0000 - 0x00007ff684dbe000 	C:\Program Files\Eclipse Adoptium\jdk-11.0.29.7-hotspot\bin\java.exe
0x00007fff89900000 - 0x00007fff89b66000 	C:\WINDOWS\SYSTEM32\ntdll.dll
0x00007fff889b0000 - 0x00007fff88a79000 	C:\WINDOWS\System32\KERNEL32.DLL
0x00007fff870f0000 - 0x00007fff874ea000 	C:\WINDOWS\System32\KERNELBASE.dll
0x00007fff86e30000 - 0x00007fff86f7c000 	C:\WINDOWS\System32\ucrtbase.dll
0x00007fff5fa70000 - 0x00007fff5fa8e000 	C:\Program Files\Eclipse Adoptium\jdk-11.0.29.7-hotspot\bin\VCRUNTIME140.dll
0x00007fff5b490000 - 0x00007fff5b4a7000 	C:\Program Files\Eclipse Adoptium\jdk-11.0.29.7-hotspot\bin\jli.dll
0x00007fff88f10000 - 0x00007fff890d7000 	C:\WINDOWS\System32\USER32.dll
0x00007fff73100000 - 0x00007fff73392000 	C:\WINDOWS\WinSxS\amd64_microsoft.windows.common-controls_6595b64144ccf1df_6.0.26100.8521_none_3e08b75ce33403b3\COMCTL32.dll
0x00007fff87010000 - 0x00007fff87037000 	C:\WINDOWS\System32\win32u.dll
0x00007fff88490000 - 0x00007fff88539000 	C:\WINDOWS\System32\msvcrt.dll
0x00007fff89290000 - 0x00007fff892bb000 	C:\WINDOWS\System32\GDI32.dll
0x00007fff86c40000 - 0x00007fff86d6b000 	C:\WINDOWS\System32\gdi32full.dll
0x00007fff87040000 - 0x00007fff870e3000 	C:\WINDOWS\System32\msvcp_win.dll
0x00007fff89470000 - 0x00007fff894a2000 	C:\WINDOWS\System32\IMM32.DLL
0x00007fff5fd10000 - 0x00007fff5fd1c000 	C:\Program Files\Eclipse Adoptium\jdk-11.0.29.7-hotspot\bin\vcruntime140_1.dll
0x00007fff4b100000 - 0x00007fff4b18d000 	C:\Program Files\Eclipse Adoptium\jdk-11.0.29.7-hotspot\bin\msvcp140.dll
0x00007ffea7490000 - 0x00007ffea8053000 	C:\Program Files\Eclipse Adoptium\jdk-11.0.29.7-hotspot\bin\server\jvm.dll
0x00007fff893b0000 - 0x00007fff89466000 	C:\WINDOWS\System32\ADVAPI32.dll
0x00007fff890e0000 - 0x00007fff8918a000 	C:\WINDOWS\System32\sechost.dll
0x00007fff87670000 - 0x00007fff87788000 	C:\WINDOWS\System32\RPCRT4.dll
0x00007fff892c0000 - 0x00007fff89340000 	C:\WINDOWS\System32\WS2_32.dll
0x00007fff889a0000 - 0x00007fff889a8000 	C:\WINDOWS\System32\PSAPI.DLL
0x00007fff7f730000 - 0x00007fff7f766000 	C:\WINDOWS\SYSTEM32\WINMM.dll
0x00007fff7f770000 - 0x00007fff7f77b000 	C:\WINDOWS\SYSTEM32\VERSION.dll
0x00007fff858e0000 - 0x00007fff858fb000 	C:\WINDOWS\SYSTEM32\kernel.appcore.dll
0x00007fff58f80000 - 0x00007fff58f90000 	C:\Program Files\Eclipse Adoptium\jdk-11.0.29.7-hotspot\bin\verify.dll
0x00007fff78d70000 - 0x00007fff78fb2000 	C:\WINDOWS\SYSTEM32\DBGHELP.DLL
0x00007fff894b0000 - 0x00007fff89833000 	C:\WINDOWS\System32\combase.dll
0x00007fff87990000 - 0x00007fff87a69000 	C:\WINDOWS\System32\OLEAUT32.dll
0x00007fff74140000 - 0x00007fff7417b000 	C:\WINDOWS\SYSTEM32\dbgcore.DLL
0x00007fff86b90000 - 0x00007fff86c38000 	C:\WINDOWS\System32\bcryptPrimitives.dll
0x00007fff4c730000 - 0x00007fff4c758000 	C:\Program Files\Eclipse Adoptium\jdk-11.0.29.7-hotspot\bin\java.dll
0x00007fff58f70000 - 0x00007fff58f7a000 	C:\Program Files\Eclipse Adoptium\jdk-11.0.29.7-hotspot\bin\jimage.dll
0x00007fff58da0000 - 0x00007fff58dae000 	C:\Program Files\Eclipse Adoptium\jdk-11.0.29.7-hotspot\bin\instrument.dll
0x00007fff4c710000 - 0x00007fff4c728000 	C:\Program Files\Eclipse Adoptium\jdk-11.0.29.7-hotspot\bin\zip.dll
0x00007fff87d00000 - 0x00007fff88484000 	C:\WINDOWS\System32\SHELL32.dll
0x00007fff84710000 - 0x00007fff84f90000 	C:\WINDOWS\SYSTEM32\windows.storage.dll
0x00007fff89190000 - 0x00007fff89286000 	C:\WINDOWS\System32\SHCORE.dll
0x00007fff87c80000 - 0x00007fff87ce7000 	C:\WINDOWS\System32\shlwapi.dll
0x00007fff86ab0000 - 0x00007fff86ad9000 	C:\WINDOWS\SYSTEM32\profapi.dll
0x00007fff4c6a0000 - 0x00007fff4c6b9000 	C:\Program Files\Eclipse Adoptium\jdk-11.0.29.7-hotspot\bin\net.dll
0x00007fff7ff00000 - 0x00007fff80029000 	C:\WINDOWS\SYSTEM32\WINHTTP.dll
0x00007fff85e30000 - 0x00007fff85e9c000 	C:\WINDOWS\system32\mswsock.dll
0x00007fff4b950000 - 0x00007fff4b963000 	C:\Program Files\Eclipse Adoptium\jdk-11.0.29.7-hotspot\bin\nio.dll
0x00007fff529b0000 - 0x00007fff529d7000 	C:\Users\MSI\.gradle\native\68d5fa5c4cc2d200863cafc0d521ce42e7d3e7ee720ec0a83991735586a16f82\windows-amd64\native-platform.dll
0x00007fff2ff30000 - 0x00007fff30074000 	C:\Users\MSI\.gradle\native\e376f236ea51e6404a007f0833ffe2c6e607c4080706a723a18a27aeea778392\windows-amd64\native-platform-file-events.dll
0x00007fff58d90000 - 0x00007fff58d9a000 	C:\Program Files\Eclipse Adoptium\jdk-11.0.29.7-hotspot\bin\management.dll
0x00007fff58760000 - 0x00007fff5876b000 	C:\Program Files\Eclipse Adoptium\jdk-11.0.29.7-hotspot\bin\management_ext.dll
0x00007fff86230000 - 0x00007fff8624b000 	C:\WINDOWS\SYSTEM32\CRYPTSP.dll
0x00007fff85840000 - 0x00007fff85879000 	C:\WINDOWS\system32\rsaenh.dll
0x00007fff85ee0000 - 0x00007fff85f13000 	C:\WINDOWS\SYSTEM32\USERENV.dll
0x00007fff86a80000 - 0x00007fff86aaa000 	C:\WINDOWS\SYSTEM32\bcrypt.dll
0x00007fff86090000 - 0x00007fff8609c000 	C:\WINDOWS\SYSTEM32\CRYPTBASE.dll
0x00007fff85280000 - 0x00007fff852b3000 	C:\WINDOWS\SYSTEM32\IPHLPAPI.DLL
0x00007fff87be0000 - 0x00007fff87bea000 	C:\WINDOWS\System32\NSI.dll
0x00007fff80350000 - 0x00007fff8036d000 	C:\WINDOWS\SYSTEM32\dhcpcsvc6.DLL
0x00007fff80030000 - 0x00007fff80055000 	C:\WINDOWS\SYSTEM32\dhcpcsvc.DLL
0x00007fff852c0000 - 0x00007fff8540a000 	C:\WINDOWS\SYSTEM32\DNSAPI.dll
0x00007fff85c50000 - 0x00007fff85c5d000 	C:\WINDOWS\SYSTEM32\DSPARSE.dll
0x00007fff85a00000 - 0x00007fff85a36000 	C:\WINDOWS\SYSTEM32\ntmarta.dll

dbghelp: loaded successfully - version: 4.0.5 - missing functions: none
symbol engine: initialized successfully - sym options: 0x614 - pdb path: .;C:\Program Files\Eclipse Adoptium\jdk-11.0.29.7-hotspot\bin;C:\WINDOWS\SYSTEM32;C:\WINDOWS\WinSxS\amd64_microsoft.windows.common-controls_6595b64144ccf1df_6.0.26100.8521_none_3e08b75ce33403b3;C:\Program Files\Eclipse Adoptium\jdk-11.0.29.7-hotspot\bin\server;C:\Users\MSI\.gradle\native\68d5fa5c4cc2d200863cafc0d521ce42e7d3e7ee720ec0a83991735586a16f82\windows-amd64;C:\Users\MSI\.gradle\native\e376f236ea51e6404a007f0833ffe2c6e607c4080706a723a18a27aeea778392\windows-amd64

VM Arguments:
jvm_args: --add-opens=java.base/java.util=ALL-UNNAMED --add-opens=java.base/java.lang=ALL-UNNAMED --add-opens=java.base/java.lang.invoke=ALL-UNNAMED --add-opens=java.prefs/java.util.prefs=ALL-UNNAMED --add-opens=java.base/java.nio.charset=ALL-UNNAMED --add-opens=java.base/java.net=ALL-UNNAMED --add-opens=java.base/java.util.concurrent.atomic=ALL-UNNAMED -Xmx1536m -Dfile.encoding=utf8 -Duser.country=US -Duser.language=en -Duser.variant -javaagent:C:\Users\MSI\.gradle\wrapper\dists\gradle-8.2.1-all\d8pvvlun5bx6sdtwqhf8y9z4b\gradle-8.2.1\lib\agents\gradle-instrumentation-agent-8.2.1.jar 
java_command: org.gradle.launcher.daemon.bootstrap.GradleDaemon 8.2.1
java_class_path (initial): C:\Users\MSI\.gradle\wrapper\dists\gradle-8.2.1-all\d8pvvlun5bx6sdtwqhf8y9z4b\gradle-8.2.1\lib\gradle-launcher-8.2.1.jar
Launcher Type: SUN_STANDARD

[Global flags]
     intx CICompilerCount                          = 4                                         {product} {ergonomic}
     uint ConcGCThreads                            = 3                                         {product} {ergonomic}
     uint G1ConcRefinementThreads                  = 10                                        {product} {ergonomic}
   size_t G1HeapRegionSize                         = 1048576                                   {product} {ergonomic}
    uintx GCDrainStackTargetSize                   = 64                                        {product} {ergonomic}
   size_t InitialHeapSize                          = 257949696                                 {product} {ergonomic}
   size_t MarkStackSize                            = 4194304                                   {product} {ergonomic}
   size_t MaxHeapSize                              = 1610612736                                {product} {command line}
   size_t MaxNewSize                               = 965738496                                 {product} {ergonomic}
   size_t MinHeapDeltaBytes                        = 1048576                                   {product} {ergonomic}
    uintx NonNMethodCodeHeapSize                   = 5836300                                {pd product} {ergonomic}
    uintx NonProfiledCodeHeapSize                  = 122910970                              {pd product} {ergonomic}
    uintx ProfiledCodeHeapSize                     = 122910970                              {pd product} {ergonomic}
    uintx ReservedCodeCacheSize                    = 251658240                              {pd product} {ergonomic}
     bool SegmentedCodeCache                       = true                                      {product} {ergonomic}
     bool UseCompressedClassPointers               = true                                 {lp64_product} {ergonomic}
     bool UseCompressedOops                        = true                                 {lp64_product} {ergonomic}
     bool UseG1GC                                  = true                                      {product} {ergonomic}
     bool UseLargePagesIndividualAllocation        = false                                  {pd product} {ergonomic}

Logging:
Log output configuration:
 #0: stdout all=warning uptime,level,tags
 #1: stderr all=off uptime,level,tags

Environment Variables:
JAVA_HOME=C:\Program Files\Eclipse Adoptium\jdk-11.0.29.7-hotspot
PATH=C:\Program Files\Eclipse Adoptium\jdk-17.0.17.10-hotspot\bin;C:\Program Files\Eclipse Adoptium\jdk-11.0.29.7-hotspot\bin;C:\WINDOWS\system32;C:\WINDOWS;C:\WINDOWS\System32\Wbem;C:\WINDOWS\System32\WindowsPowerShell\v1.0\;C:\WINDOWS\System32\OpenSSH\;C:\xampp\php;C:\composer;C:\Program Files\nodejs\;C:\Program Files\Git\cmd;C:\Program Files\PuTTY\;C:\Program Files (x86)\Windows Kits\10\Windows Performance Toolkit\;c:\Users\MSI\AppData\Local\Programs\cursor\resources\app\bin;C:\WINDOWS\system32;C:\WINDOWS;C:\WINDOWS\System32\Wbem;C:\WINDOWS\System32\WindowsPowerShell\v1.0\;C:\WINDOWS\System32\OpenSSH\;C:\xampp\php;C:\composer;C:\Program Files\nodejs\;C:\Program Files\Git\cmd;C:\Program Files\PuTTY\;C:\Program Files (x86)\Windows Kits\10\Windows Performance Toolkit\;C:\Users\MSI\AppData\Local\Programs\Python\Python38\Scripts\;C:\Users\MSI\AppData\Local\Programs\Python\Python38\;C:\Users\MSI\AppData\Local\Microsoft\WindowsApps;C:\Program Files\Git\bin;C:\flutter\bin;C:\Users\MSI\AppData\Roaming\Composer\vendor\bin;C:\Users\MSI\AppData\Roaming\npm;C:\Users\MSI\AppData\Local\Programs\Microsoft VS Code\bin;C:\dart-sdk\bin;C:\ffmpeg\ffmpeg-7.0.2-essentials_build\bin;C:\Program Files\heroku\bin;C:\src\flutter\bin;C:\src\flutter\bin\cache\dart-sdk\bin;C:\Users\MSI\AppData\Local\Programs\Antigravity\bin
USERNAME=MSI
OS=Windows_NT
PROCESSOR_IDENTIFIER=AMD64 Family 23 Model 104 Stepping 1, AuthenticAMD
TMP=C:\Users\MSI\AppData\Local\Temp
TEMP=C:\Users\MSI\AppData\Local\Temp



---------------  S Y S T E M  ---------------

OS: Windows 11 , 64 bit Build 26100 (10.0.26100.8521)
OS uptime: 7 days 13:13 hours
Hyper-V role detected

CPU:total 12 (initial active 12) (12 cores per cpu, 2 threads per core) family 23 model 104 stepping 1 microcode 0x8608103, cmov, cx8, fxsr, mmx, sse, sse2, sse3, ssse3, sse4.1, sse4.2, popcnt, avx, avx2, aes, clmul, mmxext, 3dnowpref, lzcnt, sse4a, ht, tsc, tscinvbit, tscinv, bmi1, bmi2, adx, sha, fma

Memory: 4k page, system-wide physical 15733M (1792M free)
TotalPageFile size 26908M (AvailPageFile size 5M)
current process WorkingSet (physical memory assigned to process): 260M, peak: 260M
current process commit charge ("private bytes"): 430M, peak: 431M

vm_info: OpenJDK 64-Bit Server VM (11.0.29+7) for windows-amd64 JRE (11.0.29+7), built on Oct 22 2025 03:17:43 by "" with MS VC++ 17.7 (VS2022)

END.
